// Jest Snapshot v1, https://goo.gl/fbAQLP

exports[`<Posts /> should correctly render component Posts 1`] = `
<ul
  className="newsList"
>
  <Post
    author="Viktor"
    created_at="2020-03-01T13:10:45"
    key="1"
    num_comments={10}
    points={10}
    title="Enzyme"
    url="//test.url"
  />
  <Post
    author="Ivan"
    created_at="2019-09-21T10:20:05"
    key="2"
    num_comments={8}
    points={110}
    title="Jest"
    url="//test2121.url"
  />
  <Post
    author="Vadim"
    created_at="2012-05-22T23:40:05"
    key="5"
    num_comments={4}
    points={20}
    title="JavaScript"
    url="//main.urls"
  />
</ul>
`;
